// Jest Snapshot v1, https://goo.gl/fbAQLP

exports[`TmSessionExplore shows a form to sign in with an address 1`] = `
<div
  class="session"
>
  <tmformstruct-stub
    class="session-container"
    submit="function () { [native code] }"
    width=""
  >
    <sessionframe-stub
      displayback="true"
      nestedback="true"
      previousroute="existing"
    />
     
    <div
      class="session-main"
    >
      <tmformgroup-stub
        fieldid="sign-in-name"
        fieldlabel="Your Cosmos Address"
      >
        <tmfield-stub
          placeholder=""
          type="text"
          vue-focus="vue-focus"
        />
         
        <!---->
      </tmformgroup-stub>
    </div>
     
    <div
      class="session-footer"
    >
      <tmbtn-stub
        value="Explore"
      />
    </div>
  </tmformstruct-stub>
</div>
`;
