// Jest Snapshot v1, https://goo.gl/fbAQLP

exports[`TmSessionWelcome has the expected html structure 1`] = `
<div
  class="session"
  id="session-welcome"
>
  <sessionframe-stub
    nestedback="true"
    previousroute="welcome"
  />
   
  <div
    class="session-list"
  >
    <lisession-stub
      icon="person_add"
      id="creat-new-address"
      title="Create a new address"
    />
     
    <lisession-stub
      icon="person"
      id="use-an-existing-address"
      title="Use an existing address"
    />
  </div>
   
  <p
    class="footnote"
  >
    
    By using Lunie, you accept our
    
    <router-link-stub
      class="link"
      to="/terms"
    >
      Terms of Service
    </router-link-stub>
     and
    
    <router-link-stub
      class="link"
      to="/privacy"
    >
      Privacy Policy
    </router-link-stub>
    .
  
  </p>
</div>
`;
